2026-09-08 15:11:57,278 [INFO] robot: 机器人列表已保存到 D:\qiandao\robot_state.json
2026-09-08 15:11:57,280 [INFO] main: 已添加: 测试机器人A
2026-09-08 15:11:57,907 [INFO] robot: 已从状态文件加载 1 个机器人
2026-09-08 15:11:57,909 [INFO] robot: 机器人列表已保存到 D:\qiandao\robot_state.json
2026-09-08 15:11:57,909 [INFO] main: 已添加: 内测中机器人X
2026-09-08 15:11:58,558 [INFO] robot: 已从状态文件加载 2 个机器人
2026-09-08 16:20:30,295 [INFO] robot: 已从状态文件加载 0 个机器人
2026-09-08 16:20:30,297 [INFO] robot: 机器人列表已保存到 D:\qiandao\robot_state.json
2026-09-08 16:20:30,298 [INFO] main: 已添加: 小麦
2026-09-08 16:20:30,893 [INFO] robot: 已从状态文件加载 1 个机器人
2026-09-08 16:20:30,894 [INFO] robot: 机器人列表已保存到 D:\qiandao\robot_state.json
2026-09-08 16:20:30,895 [INFO] main: 已添加: 尔尔
2026-09-08 16:20:31,519 [INFO] robot: 已从状态文件加载 2 个机器人
2026-09-08 16:20:31,520 [INFO] robot: 机器人列表已保存到 D:\qiandao\robot_state.json
2026-09-08 16:20:31,520 [INFO] main: 已添加: 席恩
2026-09-08 16:20:32,101 [INFO] robot: 已从状态文件加载 3 个机器人
2026-09-08 16:20:32,102 [INFO] robot: 机器人列表已保存到 D:\qiandao\robot_state.json
2026-09-08 16:20:32,102 [INFO] main: 已添加: 代柯
2026-09-08 16:20:32,662 [INFO] robot: 已从状态文件加载 4 个机器人
2026-09-08 16:20:32,663 [INFO] robot: 机器人列表已保存到 D:\qiandao\robot_state.json
2026-09-08 16:20:32,663 [INFO] main: 已添加: 游迦
2026-09-08 16:20:33,272 [INFO] robot: 已从状态文件加载 5 个机器人
2026-09-08 16:20:33,273 [INFO] robot: 机器人列表已保存到 D:\qiandao\robot_state.json
2026-09-08 16:20:33,273 [INFO] main: 已添加: 藤飞
2026-09-08 16:20:33,861 [INFO] robot: 已从状态文件加载 6 个机器人
2026-09-08 16:20:33,862 [INFO] robot: 机器人列表已保存到 D:\qiandao\robot_state.json
2026-09-08 16:20:33,862 [INFO] main: 已添加: 古禹
2026-09-08 16:20:34,434 [INFO] robot: 已从状态文件加载 7 个机器人
2026-09-08 16:20:34,435 [INFO] robot: 机器人列表已保存到 D:\qiandao\robot_state.json
2026-09-08 16:20:34,436 [INFO] main: 已添加: 裴旖
2026-09-08 16:20:35,023 [INFO] robot: 已从状态文件加载 8 个机器人
2026-09-08 16:20:35,024 [INFO] robot: 机器人列表已保存到 D:\qiandao\robot_state.json
2026-09-08 16:20:35,024 [INFO] main: 已添加: 李宥恩
2026-09-08 16:20:35,592 [INFO] robot: 已从状态文件加载 9 个机器人
2026-09-08 16:20:35,593 [INFO] robot: 机器人列表已保存到 D:\qiandao\robot_state.json
2026-09-08 16:20:35,593 [INFO] main: 已添加: 黎小姐
2026-09-08 17:26:26,289 [INFO] robot: 已从状态文件加载 10 个机器人
2026-09-08 20:12:04,935 [INFO] main: 自动抓取机器人列表...
2026-09-08 20:12:04,935 [INFO] flow: 自动抓取机器人列表
2026-09-08 20:12:04,935 [INFO] flow: 导航到机器人列表
2026-09-08 20:13:21,509 [INFO] flow:   收集到机器人: 代柯
2026-09-08 20:13:21,509 [INFO] flow:   收集到机器人: 尔尔
2026-09-08 20:13:21,509 [INFO] flow:   收集到机器人: 古禹
2026-09-08 20:13:21,509 [INFO] flow:   收集到机器人: 李宥恩
2026-09-08 20:13:25,329 [INFO] flow:   收集到机器人: 黎小姐
2026-09-08 20:13:25,329 [INFO] flow:   收集到机器人: 裴旖
2026-09-08 20:13:25,330 [INFO] flow:   收集到机器人: 藤非
2026-09-08 20:13:25,330 [INFO] flow:   收集到机器人: 小麦
2026-09-08 20:13:25,330 [INFO] flow:   收集到机器人: 小麦1
2026-09-08 20:13:25,330 [INFO] flow:   收集到机器人: 小麦2
2026-09-08 20:13:25,330 [INFO] flow:   收集到机器人: 席恩
2026-09-08 20:13:26,923 [INFO] flow: 共收集到 11 个机器人: ['代柯', '尔尔', '古禹', '李宥恩', '黎小姐', '裴旖', '藤非', '小麦', '小麦1', '小麦2', '席恩']
2026-09-08 20:13:26,923 [INFO] main: 最终处理 11 个机器人: ['代柯', '尔尔', '古禹', '李宥恩', '黎小姐', '裴旖', '藤非', '小麦', '小麦1', '小麦2', '席恩']
2026-09-08 20:15:51,470 [INFO] main: 使用命令行指定机器人: ['李宥恩', '黎小姐']
2026-09-08 20:15:51,470 [INFO] main: 最终处理 2 个机器人: ['李宥恩', '黎小姐']
2026-09-08 20:15:51,470 [INFO] main: 开始全自动流程: 签到=True 反馈=True 看广告次数=1
2026-09-08 20:15:51,471 [INFO] flow: ==== 处理机器人: 李宥恩 ====
2026-09-08 20:15:51,471 [INFO] flow: 进入机器人任务中心: 李宥恩
2026-09-08 20:15:51,471 [INFO] flow: 导航到机器人列表
2026-09-08 20:16:45,440 [ERROR] flow: profile 没找到 发消息
2026-09-08 20:16:45,440 [INFO] flow: ==== 处理机器人: 黎小姐 ====
2026-09-08 20:16:45,440 [INFO] flow: 进入机器人任务中心: 黎小姐
2026-09-08 20:16:45,440 [INFO] flow: 导航到机器人列表
2026-09-08 20:18:20,387 [INFO] flow: == 每日签到 ==
2026-09-08 20:18:46,182 [INFO] flow: 签到流程完成
2026-09-08 20:18:46,182 [INFO] flow: == 问题反馈 ==
2026-09-08 20:19:00,345 [INFO] flow: 退出任务中心（左上角返回箭头）
2026-09-08 20:19:00,345 [INFO] flow: 滑动到任务中心顶部
2026-09-08 20:19:18,682 [INFO] flow: ==> 看广告: 李宥恩 (0/1)
2026-09-08 20:19:18,682 [INFO] flow: 进入机器人任务中心: 李宥恩
2026-09-08 20:19:18,683 [INFO] flow: 导航到机器人列表
2026-09-08 20:20:25,576 [INFO] flow: 看一次广告
2026-09-08 20:20:34,387 [INFO] flow: 广告播放 19.4 秒
2026-09-08 20:30:29,457 [INFO] main: 使用命令行指定机器人: ['藤非']
2026-09-08 20:30:29,457 [INFO] main: 最终处理 1 个机器人: ['藤非']
2026-09-08 20:30:29,457 [INFO] main: 开始全自动流程: 签到=False 反馈=False 看广告次数=1
2026-09-08 20:30:29,458 [INFO] flow: ==== 处理机器人: 藤非 ====
2026-09-08 20:30:29,458 [INFO] flow: 进入机器人任务中心: 藤非
2026-09-08 20:30:29,458 [INFO] flow: 导航到机器人列表
2026-09-08 20:31:38,549 [INFO] flow: 退出任务中心（左上角返回箭头）
2026-09-08 20:31:38,549 [INFO] flow: 滑动到任务中心顶部
2026-09-08 20:31:51,411 [INFO] flow: ==> 看广告: 藤非 (0/1)
2026-09-08 20:31:51,411 [INFO] flow: 进入机器人任务中心: 藤非
2026-09-08 20:31:51,411 [INFO] flow: 导航到机器人列表
2026-09-08 20:33:00,227 [INFO] flow: 看一次广告
2026-09-08 20:33:08,040 [INFO] flow: 广告播放 18.6 秒
2026-09-08 20:33:37,936 [INFO] flow: 广告已关闭，回到任务中心
2026-09-08 20:33:39,937 [INFO] flow: 退出任务中心（左上角返回箭头）
2026-09-08 20:33:39,937 [INFO] flow: 滑动到任务中心顶部
2026-09-08 20:46:27,689 [INFO] main: 使用命令行指定机器人: ['古禹']
2026-09-08 20:46:27,689 [INFO] main: 最终处理 1 个机器人: ['古禹']
2026-09-08 20:46:27,689 [INFO] main: 开始全自动流程: 签到=False 反馈=False 看广告次数=1
2026-09-08 20:46:27,689 [INFO] flow: ==== 处理机器人: 古禹 ====
2026-09-08 20:46:27,690 [INFO] flow: 进入机器人任务中心: 古禹
2026-09-08 20:46:27,690 [INFO] flow: 导航到机器人列表
2026-09-08 20:47:35,775 [INFO] flow: 退出任务中心（左上角返回箭头）
2026-09-08 20:47:35,775 [INFO] flow: 滑动到任务中心顶部
2026-09-08 20:47:48,139 [INFO] flow: ==> 看广告: 古禹 (0/1)
2026-09-08 20:47:48,139 [INFO] flow: 进入机器人任务中心: 古禹
2026-09-08 20:47:48,139 [INFO] flow: 导航到机器人列表
2026-09-08 20:48:55,771 [INFO] flow: 看一次广告
2026-09-08 20:49:03,537 [INFO] flow: 广告播放 19.7 秒
2026-09-08 20:49:27,830 [INFO] flow: 未读到关闭按钮(第1次)，点左上角兜底 (160, 152)
2026-09-08 20:49:35,079 [INFO] flow: 未读到关闭按钮(第2次)，点左上角兜底 (160, 152)
2026-09-08 20:49:42,031 [INFO] flow: 未读到关闭按钮(第3次)，点左上角兜底 (160, 152)
2026-09-08 20:59:27,215 [INFO] main: 自动抓取机器人列表...
2026-09-08 20:59:27,216 [INFO] flow: 自动抓取机器人列表
2026-09-08 20:59:27,216 [INFO] flow: 导航到机器人列表
2026-09-08 20:59:30,463 [WARNING] adbu: uiautomator dump 失败: adb shell uiautomator dump /sdcard/ui.xml 失败 (rc=139): 
2026-09-08 20:59:33,851 [WARNING] adbu: uiautomator dump 失败: adb shell uiautomator dump /sdcard/ui.xml 失败 (rc=139): 
2026-09-08 20:59:37,118 [WARNING] adbu: uiautomator dump 失败: adb shell uiautomator dump /sdcard/ui.xml 失败 (rc=139): 
2026-09-08 20:59:40,293 [WARNING] adbu: uiautomator dump 失败: adb shell uiautomator dump /sdcard/ui.xml 失败 (rc=139): 
2026-09-08 20:59:44,267 [WARNING] adbu: uiautomator dump 失败: adb shell uiautomator dump /sdcard/ui.xml 失败 (rc=139): 
2026-09-08 20:59:47,473 [WARNING] adbu: uiautomator dump 失败: adb shell uiautomator dump /sdcard/ui.xml 失败 (rc=139): 
2026-09-08 20:59:50,657 [WARNING] adbu: uiautomator dump 失败: adb shell uiautomator dump /sdcard/ui.xml 失败 (rc=139): 
2026-09-08 20:59:54,346 [WARNING] adbu: uiautomator dump 失败: adb shell uiautomator dump /sdcard/ui.xml 失败 (rc=139): 
2026-09-08 20:59:57,507 [WARNING] adbu: uiautomator dump 失败: adb shell uiautomator dump /sdcard/ui.xml 失败 (rc=139): 
2026-09-08 21:00:00,676 [WARNING] adbu: uiautomator dump 失败: adb shell uiautomator dump /sdcard/ui.xml 失败 (rc=139): 
2026-09-08 21:00:03,888 [WARNING] adbu: uiautomator dump 失败: adb shell uiautomator dump /sdcard/ui.xml 失败 (rc=139): 
2026-09-08 21:00:07,063 [WARNING] adbu: uiautomator dump 失败: adb shell uiautomator dump /sdcard/ui.xml 失败 (rc=139): 
2026-09-08 21:00:11,095 [WARNING] adbu: uiautomator dump 失败: adb shell uiautomator dump /sdcard/ui.xml 失败 (rc=139): 
2026-09-08 21:00:14,258 [WARNING] adbu: uiautomator dump 失败: adb shell uiautomator dump /sdcard/ui.xml 失败 (rc=139): 
2026-09-08 21:00:17,462 [WARNING] adbu: uiautomator dump 失败: adb shell uiautomator dump /sdcard/ui.xml 失败 (rc=139): 
2026-09-08 21:00:20,638 [WARNING] adbu: uiautomator dump 失败: adb shell uiautomator dump /sdcard/ui.xml 失败 (rc=139): 
2026-09-08 21:00:23,824 [WARNING] adbu: uiautomator dump 失败: adb shell uiautomator dump /sdcard/ui.xml 失败 (rc=139): 
2026-09-08 21:00:27,105 [WARNING] adbu: uiautomator dump 失败: adb shell uiautomator dump /sdcard/ui.xml 失败 (rc=139): 
2026-09-08 21:00:30,336 [WARNING] adbu: uiautomator dump 失败: adb shell uiautomator dump /sdcard/ui.xml 失败 (rc=139): 
2026-09-08 21:00:33,533 [WARNING] adbu: uiautomator dump 失败: adb shell uiautomator dump /sdcard/ui.xml 失败 (rc=139): 
2026-09-08 21:00:36,731 [WARNING] adbu: uiautomator dump 失败: adb shell uiautomator dump /sdcard/ui.xml 失败 (rc=139): 
2026-09-08 21:00:39,902 [WARNING] adbu: uiautomator dump 失败: adb shell uiautomator dump /sdcard/ui.xml 失败 (rc=139): 
2026-09-08 21:00:43,228 [WARNING] adbu: uiautomator dump 失败: adb shell uiautomator dump /sdcard/ui.xml 失败 (rc=139): 
2026-09-08 21:00:46,469 [WARNING] adbu: uiautomator dump 失败: adb shell uiautomator dump /sdcard/ui.xml 失败 (rc=139): 
2026-09-08 21:00:49,724 [WARNING] adbu: uiautomator dump 失败: adb shell uiautomator dump /sdcard/ui.xml 失败 (rc=135): 
2026-09-08 21:00:52,927 [WARNING] adbu: uiautomator dump 失败: adb shell uiautomator dump /sdcard/ui.xml 失败 (rc=139): 
2026-09-08 21:01:04,298 [WARNING] adbu: uiautomator dump 失败: adb shell uiautomator dump /sdcard/ui.xml 失败 (rc=139): 
2026-09-08 21:01:07,502 [WARNING] adbu: uiautomator dump 失败: adb shell uiautomator dump /sdcard/ui.xml 失败 (rc=139): 
2026-09-08 21:01:12,222 [WARNING] adbu: uiautomator dump 失败: adb shell uiautomator dump /sdcard/ui.xml 失败 (rc=139): 
2026-09-08 21:01:15,383 [WARNING] adbu: uiautomator dump 失败: adb shell uiautomator dump /sdcard/ui.xml 失败 (rc=139): 
2026-09-08 21:01:20,213 [WARNING] adbu: uiautomator dump 失败: adb shell uiautomator dump /sdcard/ui.xml 失败 (rc=139): 
2026-09-08 21:01:23,376 [WARNING] adbu: uiautomator dump 失败: adb shell uiautomator dump /sdcard/ui.xml 失败 (rc=139): 
2026-09-08 21:01:25,890 [INFO] flow: 共收集到 0 个机器人: []
2026-09-08 21:01:25,891 [ERROR] main: 自动抓取机器人列表为空，请先确认已进入 QQ 联系人->机器人 页面
2026-09-08 21:02:56,480 [INFO] main: 自动抓取机器人列表...
2026-09-08 21:02:56,480 [INFO] flow: 自动抓取机器人列表
2026-09-08 21:02:56,480 [INFO] flow: 导航到机器人列表
2026-09-08 21:03:51,668 [INFO] flow:   收集到机器人: 代柯
2026-09-08 21:03:51,668 [INFO] flow:   收集到机器人: 尔尔
2026-09-08 21:03:51,668 [INFO] flow:   收集到机器人: 古禹
2026-09-08 21:03:51,668 [INFO] flow:   收集到机器人: 李宥恩
2026-09-08 21:03:55,381 [INFO] flow:   收集到机器人: 黎小姐
2026-09-08 21:03:55,381 [INFO] flow:   收集到机器人: 裴旖
2026-09-08 21:03:55,381 [INFO] flow:   收集到机器人: 藤非
2026-09-08 21:03:55,381 [INFO] flow:   收集到机器人: 小麦
2026-09-08 21:03:55,381 [INFO] flow:   收集到机器人: 小麦1
2026-09-08 21:03:55,381 [INFO] flow:   收集到机器人: 小麦2
2026-09-08 21:03:55,381 [INFO] flow:   收集到机器人: 席恩
2026-09-08 21:03:59,011 [INFO] flow:   收集到机器人: 游迦
2026-09-08 21:04:00,427 [INFO] flow: 共收集到 12 个机器人: ['代柯', '尔尔', '古禹', '李宥恩', '黎小姐', '裴旖', '藤非', '小麦', '小麦1', '小麦2', '席恩', '游迦']
2026-09-08 21:04:00,428 [INFO] main: 最终处理 12 个机器人: ['代柯', '尔尔', '古禹', '李宥恩', '黎小姐', '裴旖', '藤非', '小麦', '小麦1', '小麦2', '席恩', '游迦']
2026-09-08 21:27:59,375 [ERROR] main: 设备 127.0.0.1:16384 不在线（模拟器未启动 / adb 断开），退出
2026-09-08 21:29:48,025 [INFO] main: 自动抓取机器人列表...
2026-09-08 21:29:48,025 [INFO] flow: 自动抓取机器人列表
2026-09-08 21:29:48,025 [INFO] flow: 导航到机器人列表
2026-09-08 21:30:48,418 [INFO] flow:   收集到机器人: 代柯
2026-09-08 21:30:48,418 [INFO] flow:   收集到机器人: 尔尔
2026-09-08 21:30:48,418 [INFO] flow:   收集到机器人: 古禹
2026-09-08 21:30:48,418 [INFO] flow:   收集到机器人: 李宥恩
2026-09-08 21:30:52,959 [INFO] flow:   收集到机器人: 黎小姐
2026-09-08 21:30:52,959 [INFO] flow:   收集到机器人: 裴旖
2026-09-08 21:30:52,959 [INFO] flow:   收集到机器人: 藤非
2026-09-08 21:30:52,959 [INFO] flow:   收集到机器人: 小麦
2026-09-08 21:30:52,959 [INFO] flow:   收集到机器人: 小麦1
2026-09-08 21:30:52,959 [INFO] flow:   收集到机器人: 小麦2
2026-09-08 21:30:52,959 [INFO] flow:   收集到机器人: 席恩
2026-09-08 21:30:56,642 [INFO] flow:   收集到机器人: 游迦
2026-09-08 21:30:58,329 [INFO] flow: 共收集到 12 个机器人: ['代柯', '尔尔', '古禹', '李宥恩', '黎小姐', '裴旖', '藤非', '小麦', '小麦1', '小麦2', '席恩', '游迦']
2026-09-08 21:30:58,330 [INFO] main: 最终处理 12 个机器人: ['代柯', '尔尔', '古禹', '李宥恩', '黎小姐', '裴旖', '藤非', '小麦', '小麦1', '小麦2', '席恩', '游迦']
2026-09-09 13:38:21,212 [ERROR] main: 设备 emulator-5554 不在线（模拟器未启动 / adb 断开），退出
2026-09-09 13:39:01,955 [INFO] main: 使用命令行指定机器人: ['古禹', '裴旖', '代柯', '藤非']
2026-09-09 13:39:01,956 [INFO] main: 最终处理 4 个机器人: ['古禹', '裴旖', '代柯', '藤非']
2026-09-09 13:39:01,956 [INFO] main: 开始全自动流程: 签到=True 反馈=True 看广告次数=1
2026-09-09 13:39:01,957 [INFO] flow: ==== 处理机器人: 古禹 ====
2026-09-09 13:39:01,957 [INFO] flow: 进入机器人任务中心: 古禹
2026-09-09 13:39:01,957 [INFO] flow: 导航到机器人列表
2026-09-09 13:40:11,936 [INFO] flow: == 每日签到 ==
2026-09-09 13:40:38,926 [INFO] flow: 签到流程完成
2026-09-09 13:40:38,926 [INFO] flow: == 问题反馈 ==
2026-09-09 13:40:52,714 [INFO] flow: 退出任务中心（左上角返回箭头）
2026-09-09 13:40:52,714 [INFO] flow: 滑动到任务中心顶部
2026-09-09 13:41:11,304 [INFO] flow: ==== 处理机器人: 裴旖 ====
2026-09-09 13:41:11,304 [INFO] flow: 进入机器人任务中心: 裴旖
2026-09-09 13:41:11,304 [INFO] flow: 导航到机器人列表
2026-09-09 13:42:27,605 [INFO] flow: == 每日签到 ==
2026-09-09 13:42:53,301 [INFO] flow: 签到流程完成
2026-09-09 13:42:53,302 [INFO] flow: == 问题反馈 ==
2026-09-09 13:43:08,042 [INFO] flow: 退出任务中心（左上角返回箭头）
2026-09-09 13:43:08,042 [INFO] flow: 滑动到任务中心顶部
2026-09-09 13:43:27,716 [INFO] flow: ==== 处理机器人: 代柯 ====
2026-09-09 13:43:27,716 [INFO] flow: 进入机器人任务中心: 代柯
2026-09-09 13:43:27,716 [INFO] flow: 导航到机器人列表
2026-09-09 13:45:24,124 [INFO] flow: == 每日签到 ==
2026-09-09 13:45:51,421 [INFO] flow: 签到流程完成
2026-09-09 13:45:51,421 [INFO] flow: == 问题反馈 ==
2026-09-09 13:46:05,332 [INFO] flow: 退出任务中心（左上角返回箭头）
2026-09-09 13:46:05,332 [INFO] flow: 滑动到任务中心顶部
2026-09-09 13:46:24,472 [INFO] flow: ==== 处理机器人: 藤非 ====
2026-09-09 13:46:24,473 [INFO] flow: 进入机器人任务中心: 藤非
2026-09-09 13:46:24,473 [INFO] flow: 导航到机器人列表
2026-09-09 13:47:42,738 [INFO] flow: == 每日签到 ==
2026-09-09 13:48:08,379 [INFO] flow: 签到流程完成
2026-09-09 13:48:08,379 [INFO] flow: == 问题反馈 ==
2026-09-09 13:48:22,197 [INFO] flow: 退出任务中心（左上角返回箭头）
2026-09-09 13:48:22,197 [INFO] flow: 滑动到任务中心顶部
2026-09-09 13:48:41,358 [INFO] flow: ==> 看广告: 古禹 (0/1)
2026-09-09 13:48:41,358 [INFO] flow: 进入机器人任务中心: 古禹
2026-09-09 13:48:41,358 [INFO] flow: 导航到机器人列表
2026-09-09 13:50:39,209 [INFO] flow: 看一次广告
2026-09-09 13:50:47,781 [INFO] flow: 广告播放 19.5 秒
2026-09-09 13:51:09,573 [INFO] flow: uiautomator 定位到关闭按钮 @ (141, 150) (第1次)
2026-09-09 13:51:18,972 [INFO] flow: 广告已关闭（uiautomator 路径）
2026-09-09 13:51:18,972 [INFO] flow: 广告已关闭，回到任务中心
2026-09-09 13:51:20,973 [INFO] flow: 退出任务中心（左上角返回箭头）
2026-09-09 13:51:20,973 [INFO] flow: 滑动到任务中心顶部
2026-09-09 13:51:45,962 [INFO] flow: ==> 看广告: 裴旖 (0/1)
2026-09-09 13:51:45,962 [INFO] flow: 进入机器人任务中心: 裴旖
2026-09-09 13:51:45,962 [INFO] flow: 导航到机器人列表
2026-09-09 13:53:01,194 [ERROR] flow: profile 没找到 发消息
2026-09-09 13:53:01,194 [WARNING] flow: 进入任务中心失败 裴旖，累计失败 1/3
2026-09-09 13:53:02,194 [INFO] flow: ==> 看广告: 裴旖 (0/1)
2026-09-09 13:53:02,194 [INFO] flow: 进入机器人任务中心: 裴旖
2026-09-09 13:53:02,194 [INFO] flow: 导航到机器人列表
2026-09-09 13:54:20,330 [ERROR] flow: profile 没找到 发消息
2026-09-09 13:54:20,330 [WARNING] flow: 进入任务中心失败 裴旖，累计失败 2/3
2026-09-09 13:54:21,331 [INFO] flow: ==> 看广告: 裴旖 (0/1)
2026-09-09 13:54:21,331 [INFO] flow: 进入机器人任务中心: 裴旖
2026-09-09 13:54:21,331 [INFO] flow: 导航到机器人列表
2026-09-09 13:55:39,948 [ERROR] flow: profile 没找到 发消息
2026-09-09 13:55:39,948 [WARNING] flow: 进入任务中心失败 裴旖，累计失败 3/3
2026-09-09 13:55:40,949 [INFO] flow: ==> 看广告: 代柯 (0/1)
2026-09-09 13:55:40,949 [INFO] flow: 进入机器人任务中心: 代柯
2026-09-09 13:55:40,949 [INFO] flow: 导航到机器人列表
2026-09-09 13:56:54,092 [INFO] flow: 看一次广告
2026-09-09 13:57:02,801 [INFO] flow: 广告播放 19.5 秒
2026-09-09 13:57:24,660 [INFO] flow: uiautomator 定位到关闭按钮 @ (141, 150) (第1次)
2026-09-09 13:57:33,879 [INFO] flow: 广告已关闭（uiautomator 路径）
2026-09-09 13:57:33,879 [INFO] flow: 广告已关闭，回到任务中心
2026-09-09 13:57:35,880 [INFO] flow: 退出任务中心（左上角返回箭头）
2026-09-09 13:57:35,881 [INFO] flow: 滑动到任务中心顶部
2026-09-09 14:05:57,492 [INFO] main: 使用命令行指定机器人: ['李宥恩', '黎小姐', '小麦', '席恩']
2026-09-09 14:05:57,494 [INFO] main: 最终处理 4 个机器人: ['李宥恩', '黎小姐', '小麦', '席恩']
2026-09-09 14:05:57,494 [INFO] main: 开始全自动流程: 签到=True 反馈=True 看广告次数=1
2026-09-09 14:05:57,494 [INFO] flow: ==== 处理机器人: 李宥恩 ====
2026-09-09 14:05:57,494 [INFO] flow: 进入机器人任务中心: 李宥恩
2026-09-09 14:05:57,494 [INFO] flow: 导航到机器人列表
2026-09-09 14:07:13,785 [INFO] flow: == 每日签到 ==
2026-09-09 14:07:39,112 [INFO] flow: 签到流程完成
2026-09-09 14:07:39,112 [INFO] flow: == 问题反馈 ==
2026-09-09 14:07:52,618 [INFO] flow: 退出任务中心（左上角返回箭头）
2026-09-09 14:07:52,618 [INFO] flow: 滑动到任务中心顶部
2026-09-09 14:08:11,767 [INFO] flow: ==== 处理机器人: 黎小姐 ====
2026-09-09 14:08:11,767 [INFO] flow: 进入机器人任务中心: 黎小姐
2026-09-09 14:08:11,767 [INFO] flow: 导航到机器人列表
2026-09-09 14:09:38,083 [ERROR] flow: profile 没找到 发消息
2026-09-09 14:09:38,083 [INFO] flow: ==== 处理机器人: 小麦 ====
2026-09-09 14:09:38,083 [INFO] flow: 进入机器人任务中心: 小麦
2026-09-09 14:09:38,083 [INFO] flow: 导航到机器人列表
2026-09-09 14:10:58,978 [INFO] flow: == 每日签到 ==
2026-09-09 14:11:25,400 [INFO] flow: 签到流程完成
2026-09-09 14:11:25,400 [INFO] flow: == 问题反馈 ==
2026-09-09 14:11:41,172 [INFO] flow: 退出任务中心（左上角返回箭头）
2026-09-09 14:11:41,172 [INFO] flow: 滑动到任务中心顶部
2026-09-09 14:12:00,364 [INFO] flow: ==== 处理机器人: 席恩 ====
2026-09-09 14:12:00,364 [INFO] flow: 进入机器人任务中心: 席恩
2026-09-09 14:12:00,364 [INFO] flow: 导航到机器人列表
2026-09-09 14:13:11,095 [INFO] flow: == 每日签到 ==
2026-09-09 14:13:35,397 [INFO] flow: 签到流程完成
2026-09-09 14:13:35,397 [INFO] flow: == 问题反馈 ==
2026-09-09 14:13:50,188 [INFO] flow: 退出任务中心（左上角返回箭头）
2026-09-09 14:13:50,188 [INFO] flow: 滑动到任务中心顶部
2026-09-09 14:14:09,728 [INFO] flow: ==> 看广告: 李宥恩 (0/1)
2026-09-09 14:14:09,728 [INFO] flow: 进入机器人任务中心: 李宥恩
2026-09-09 14:14:09,728 [INFO] flow: 导航到机器人列表
2026-09-09 14:15:19,501 [INFO] flow: 看一次广告
2026-09-09 14:15:27,743 [INFO] flow: 广告播放 18.7 秒
2026-09-09 14:15:58,201 [WARNING] adbu: uiautomator dump 未成功 (rc=139): 无输出
2026-09-09 14:16:10,860 [WARNING] adbu: uiautomator dump 未成功 (rc=139): 无输出
2026-09-09 14:16:23,568 [WARNING] adbu: uiautomator dump 未成功 (rc=139): 无输出
2026-09-09 14:16:36,249 [WARNING] adbu: uiautomator dump 未成功 (rc=139): 无输出
2026-09-09 14:16:48,856 [WARNING] adbu: uiautomator dump 未成功 (rc=139): 无输出
2026-09-09 14:17:01,531 [WARNING] adbu: uiautomator dump 未成功 (rc=139): 无输出
2026-09-09 14:17:13,762 [WARNING] adbu: uiautomator dump 未成功 (rc=139): 无输出
2026-09-09 14:17:26,319 [WARNING] adbu: uiautomator dump 未成功 (rc=139): 无输出
2026-09-09 14:17:28,903 [INFO] flow: OCR 定位到关闭按钮 @ (120, 152) (第1次)
2026-09-09 14:17:39,142 [INFO] flow: 广告已关闭（OCR 路径）
2026-09-09 14:17:39,142 [INFO] flow: 广告已关闭，回到任务中心
2026-09-09 14:17:41,143 [INFO] flow: 退出任务中心（左上角返回箭头）
2026-09-09 14:17:41,143 [INFO] flow: 滑动到任务中心顶部
2026-09-09 14:18:03,338 [INFO] flow: ==> 看广告: 黎小姐 (0/1)
2026-09-09 14:18:03,338 [INFO] flow: 进入机器人任务中心: 黎小姐
2026-09-09 14:18:03,338 [INFO] flow: 导航到机器人列表
2026-09-09 14:19:15,709 [INFO] flow: 看一次广告
2026-09-09 14:19:24,553 [INFO] flow: 广告播放 20.0 秒
2026-09-09 14:19:46,839 [INFO] flow: uiautomator 定位到关闭按钮 @ (141, 150) (第1次)
2026-09-09 14:19:55,014 [INFO] flow: 广告已关闭（uiautomator 路径）
2026-09-09 14:19:55,014 [INFO] flow: 广告已关闭，回到任务中心
2026-09-09 14:19:57,015 [INFO] flow: 退出任务中心（左上角返回箭头）
2026-09-09 14:19:57,015 [INFO] flow: 滑动到任务中心顶部
2026-09-09 14:20:22,080 [INFO] flow: ==> 看广告: 小麦 (0/1)
2026-09-09 14:20:22,080 [INFO] flow: 进入机器人任务中心: 小麦
2026-09-09 14:20:22,080 [INFO] flow: 导航到机器人列表
2026-09-09 14:21:34,235 [INFO] flow: 看一次广告
2026-09-09 14:21:42,260 [INFO] flow: 广告播放 19.1 秒
2026-09-09 14:22:03,701 [INFO] flow: uiautomator 定位到关闭按钮 @ (141, 150) (第1次)
2026-09-09 14:22:12,477 [INFO] flow: 广告已关闭（uiautomator 路径）
2026-09-09 14:22:12,477 [INFO] flow: 广告已关闭，回到任务中心
2026-09-09 14:22:14,477 [INFO] flow: 退出任务中心（左上角返回箭头）
2026-09-09 14:22:14,477 [INFO] flow: 滑动到任务中心顶部
2026-09-09 14:22:37,614 [INFO] flow: ==> 看广告: 席恩 (0/1)
2026-09-09 14:22:37,614 [INFO] flow: 进入机器人任务中心: 席恩
2026-09-09 14:22:37,614 [INFO] flow: 导航到机器人列表
2026-09-09 14:23:46,454 [INFO] flow: 看一次广告
2026-09-09 14:23:54,991 [INFO] flow: 广告播放 18.3 秒
2026-09-09 14:24:15,578 [INFO] flow: uiautomator 定位到关闭按钮 @ (141, 150) (第1次)
2026-09-09 14:24:24,138 [INFO] flow: 广告已关闭（uiautomator 路径）
2026-09-09 14:24:24,138 [INFO] flow: 广告已关闭，回到任务中心
2026-09-09 14:24:26,139 [INFO] flow: 退出任务中心（左上角返回箭头）
2026-09-09 14:24:26,139 [INFO] flow: 滑动到任务中心顶部
2026-09-09 14:24:48,976 [INFO] flow: 所有机器人看广告完成
2026-09-09 14:24:48,976 [INFO] main: 全自动流程结束
