2026-09-09 14:05:57,492 [INFO] main: 使用命令行指定机器人: ['李宥恩', '黎小姐', '小麦', '席恩']
2026-09-09 14:05:57,494 [INFO] main: 最终处理 4 个机器人: ['李宥恩', '黎小姐', '小麦', '席恩']
2026-09-09 14:05:57,494 [INFO] main: 开始全自动流程: 签到=True 反馈=True 看广告次数=1
2026-09-09 14:05:57,494 [INFO] flow: ==== 处理机器人: 李宥恩 ====
2026-09-09 14:05:57,494 [INFO] flow: 进入机器人任务中心: 李宥恩
2026-09-09 14:05:57,494 [INFO] flow: 导航到机器人列表
2026-09-09 14:07:13,785 [INFO] flow: == 每日签到 ==
2026-09-09 14:07:39,112 [INFO] flow: 签到流程完成
2026-09-09 14:07:39,112 [INFO] flow: == 问题反馈 ==
2026-09-09 14:07:52,618 [INFO] flow: 退出任务中心（左上角返回箭头）
2026-09-09 14:07:52,618 [INFO] flow: 滑动到任务中心顶部
2026-09-09 14:08:11,767 [INFO] flow: ==== 处理机器人: 黎小姐 ====
2026-09-09 14:08:11,767 [INFO] flow: 进入机器人任务中心: 黎小姐
2026-09-09 14:08:11,767 [INFO] flow: 导航到机器人列表
2026-09-09 14:09:38,083 [ERROR] flow: profile 没找到 发消息
2026-09-09 14:09:38,083 [INFO] flow: ==== 处理机器人: 小麦 ====
2026-09-09 14:09:38,083 [INFO] flow: 进入机器人任务中心: 小麦
2026-09-09 14:09:38,083 [INFO] flow: 导航到机器人列表
2026-09-09 14:10:58,978 [INFO] flow: == 每日签到 ==
2026-09-09 14:11:25,400 [INFO] flow: 签到流程完成
2026-09-09 14:11:25,400 [INFO] flow: == 问题反馈 ==
2026-09-09 14:11:41,172 [INFO] flow: 退出任务中心（左上角返回箭头）
2026-09-09 14:11:41,172 [INFO] flow: 滑动到任务中心顶部
2026-09-09 14:12:00,364 [INFO] flow: ==== 处理机器人: 席恩 ====
2026-09-09 14:12:00,364 [INFO] flow: 进入机器人任务中心: 席恩
2026-09-09 14:12:00,364 [INFO] flow: 导航到机器人列表
2026-09-09 14:13:11,095 [INFO] flow: == 每日签到 ==
2026-09-09 14:13:35,397 [INFO] flow: 签到流程完成
2026-09-09 14:13:35,397 [INFO] flow: == 问题反馈 ==
2026-09-09 14:13:50,188 [INFO] flow: 退出任务中心（左上角返回箭头）
2026-09-09 14:13:50,188 [INFO] flow: 滑动到任务中心顶部
2026-09-09 14:14:09,728 [INFO] flow: ==> 看广告: 李宥恩 (0/1)
2026-09-09 14:14:09,728 [INFO] flow: 进入机器人任务中心: 李宥恩
2026-09-09 14:14:09,728 [INFO] flow: 导航到机器人列表
2026-09-09 14:15:19,501 [INFO] flow: 看一次广告
2026-09-09 14:15:27,743 [INFO] flow: 广告播放 18.7 秒
2026-09-09 14:15:58,201 [WARNING] adbu: uiautomator dump 未成功 (rc=139): 无输出
2026-09-09 14:16:10,860 [WARNING] adbu: uiautomator dump 未成功 (rc=139): 无输出
2026-09-09 14:16:23,568 [WARNING] adbu: uiautomator dump 未成功 (rc=139): 无输出
2026-09-09 14:16:36,249 [WARNING] adbu: uiautomator dump 未成功 (rc=139): 无输出
2026-09-09 14:16:48,856 [WARNING] adbu: uiautomator dump 未成功 (rc=139): 无输出
2026-09-09 14:17:01,531 [WARNING] adbu: uiautomator dump 未成功 (rc=139): 无输出
2026-09-09 14:17:13,762 [WARNING] adbu: uiautomator dump 未成功 (rc=139): 无输出
2026-09-09 14:17:26,319 [WARNING] adbu: uiautomator dump 未成功 (rc=139): 无输出
2026-09-09 14:17:28,903 [INFO] flow: OCR 定位到关闭按钮 @ (120, 152) (第1次)
2026-09-09 14:17:39,142 [INFO] flow: 广告已关闭（OCR 路径）
2026-09-09 14:17:39,142 [INFO] flow: 广告已关闭，回到任务中心
2026-09-09 14:17:41,143 [INFO] flow: 退出任务中心（左上角返回箭头）
2026-09-09 14:17:41,143 [INFO] flow: 滑动到任务中心顶部
2026-09-09 14:18:03,338 [INFO] flow: ==> 看广告: 黎小姐 (0/1)
2026-09-09 14:18:03,338 [INFO] flow: 进入机器人任务中心: 黎小姐
2026-09-09 14:18:03,338 [INFO] flow: 导航到机器人列表
2026-09-09 14:19:15,709 [INFO] flow: 看一次广告
2026-09-09 14:19:24,553 [INFO] flow: 广告播放 20.0 秒
2026-09-09 14:19:46,839 [INFO] flow: uiautomator 定位到关闭按钮 @ (141, 150) (第1次)
2026-09-09 14:19:55,014 [INFO] flow: 广告已关闭（uiautomator 路径）
2026-09-09 14:19:55,014 [INFO] flow: 广告已关闭，回到任务中心
2026-09-09 14:19:57,015 [INFO] flow: 退出任务中心（左上角返回箭头）
2026-09-09 14:19:57,015 [INFO] flow: 滑动到任务中心顶部
2026-09-09 14:20:22,080 [INFO] flow: ==> 看广告: 小麦 (0/1)
2026-09-09 14:20:22,080 [INFO] flow: 进入机器人任务中心: 小麦
2026-09-09 14:20:22,080 [INFO] flow: 导航到机器人列表
2026-09-09 14:21:34,235 [INFO] flow: 看一次广告
2026-09-09 14:21:42,260 [INFO] flow: 广告播放 19.1 秒
2026-09-09 14:22:03,701 [INFO] flow: uiautomator 定位到关闭按钮 @ (141, 150) (第1次)
2026-09-09 14:22:12,477 [INFO] flow: 广告已关闭（uiautomator 路径）
2026-09-09 14:22:12,477 [INFO] flow: 广告已关闭，回到任务中心
2026-09-09 14:22:14,477 [INFO] flow: 退出任务中心（左上角返回箭头）
2026-09-09 14:22:14,477 [INFO] flow: 滑动到任务中心顶部
2026-09-09 14:22:37,614 [INFO] flow: ==> 看广告: 席恩 (0/1)
2026-09-09 14:22:37,614 [INFO] flow: 进入机器人任务中心: 席恩
2026-09-09 14:22:37,614 [INFO] flow: 导航到机器人列表
2026-09-09 14:23:46,454 [INFO] flow: 看一次广告
2026-09-09 14:23:54,991 [INFO] flow: 广告播放 18.3 秒
2026-09-09 14:24:15,578 [INFO] flow: uiautomator 定位到关闭按钮 @ (141, 150) (第1次)
2026-09-09 14:24:24,138 [INFO] flow: 广告已关闭（uiautomator 路径）
2026-09-09 14:24:24,138 [INFO] flow: 广告已关闭，回到任务中心
2026-09-09 14:24:26,139 [INFO] flow: 退出任务中心（左上角返回箭头）
2026-09-09 14:24:26,139 [INFO] flow: 滑动到任务中心顶部
2026-09-09 14:24:48,976 [INFO] flow: 所有机器人看广告完成
2026-09-09 14:24:48,976 [INFO] main: 全自动流程结束
