2026-09-09 13:39:01,955 [INFO] main: 使用命令行指定机器人: ['古禹', '裴旖', '代柯', '藤非']
2026-09-09 13:39:01,956 [INFO] main: 最终处理 4 个机器人: ['古禹', '裴旖', '代柯', '藤非']
2026-09-09 13:39:01,956 [INFO] main: 开始全自动流程: 签到=True 反馈=True 看广告次数=1
2026-09-09 13:39:01,957 [INFO] flow: ==== 处理机器人: 古禹 ====
2026-09-09 13:39:01,957 [INFO] flow: 进入机器人任务中心: 古禹
2026-09-09 13:39:01,957 [INFO] flow: 导航到机器人列表
2026-09-09 13:40:11,936 [INFO] flow: == 每日签到 ==
2026-09-09 13:40:38,926 [INFO] flow: 签到流程完成
2026-09-09 13:40:38,926 [INFO] flow: == 问题反馈 ==
2026-09-09 13:40:52,714 [INFO] flow: 退出任务中心（左上角返回箭头）
2026-09-09 13:40:52,714 [INFO] flow: 滑动到任务中心顶部
2026-09-09 13:41:11,304 [INFO] flow: ==== 处理机器人: 裴旖 ====
2026-09-09 13:41:11,304 [INFO] flow: 进入机器人任务中心: 裴旖
2026-09-09 13:41:11,304 [INFO] flow: 导航到机器人列表
2026-09-09 13:42:27,605 [INFO] flow: == 每日签到 ==
2026-09-09 13:42:53,301 [INFO] flow: 签到流程完成
2026-09-09 13:42:53,302 [INFO] flow: == 问题反馈 ==
2026-09-09 13:43:08,042 [INFO] flow: 退出任务中心（左上角返回箭头）
2026-09-09 13:43:08,042 [INFO] flow: 滑动到任务中心顶部
2026-09-09 13:43:27,716 [INFO] flow: ==== 处理机器人: 代柯 ====
2026-09-09 13:43:27,716 [INFO] flow: 进入机器人任务中心: 代柯
2026-09-09 13:43:27,716 [INFO] flow: 导航到机器人列表
2026-09-09 13:45:24,124 [INFO] flow: == 每日签到 ==
2026-09-09 13:45:51,421 [INFO] flow: 签到流程完成
2026-09-09 13:45:51,421 [INFO] flow: == 问题反馈 ==
2026-09-09 13:46:05,332 [INFO] flow: 退出任务中心（左上角返回箭头）
2026-09-09 13:46:05,332 [INFO] flow: 滑动到任务中心顶部
2026-09-09 13:46:24,472 [INFO] flow: ==== 处理机器人: 藤非 ====
2026-09-09 13:46:24,473 [INFO] flow: 进入机器人任务中心: 藤非
2026-09-09 13:46:24,473 [INFO] flow: 导航到机器人列表
2026-09-09 13:47:42,738 [INFO] flow: == 每日签到 ==
2026-09-09 13:48:08,379 [INFO] flow: 签到流程完成
2026-09-09 13:48:08,379 [INFO] flow: == 问题反馈 ==
2026-09-09 13:48:22,197 [INFO] flow: 退出任务中心（左上角返回箭头）
2026-09-09 13:48:22,197 [INFO] flow: 滑动到任务中心顶部
2026-09-09 13:48:41,358 [INFO] flow: ==> 看广告: 古禹 (0/1)
2026-09-09 13:48:41,358 [INFO] flow: 进入机器人任务中心: 古禹
2026-09-09 13:48:41,358 [INFO] flow: 导航到机器人列表
2026-09-09 13:50:39,209 [INFO] flow: 看一次广告
2026-09-09 13:50:47,781 [INFO] flow: 广告播放 19.5 秒
2026-09-09 13:51:09,573 [INFO] flow: uiautomator 定位到关闭按钮 @ (141, 150) (第1次)
2026-09-09 13:51:18,972 [INFO] flow: 广告已关闭（uiautomator 路径）
2026-09-09 13:51:18,972 [INFO] flow: 广告已关闭，回到任务中心
2026-09-09 13:51:20,973 [INFO] flow: 退出任务中心（左上角返回箭头）
2026-09-09 13:51:20,973 [INFO] flow: 滑动到任务中心顶部
2026-09-09 13:51:45,962 [INFO] flow: ==> 看广告: 裴旖 (0/1)
2026-09-09 13:51:45,962 [INFO] flow: 进入机器人任务中心: 裴旖
2026-09-09 13:51:45,962 [INFO] flow: 导航到机器人列表
2026-09-09 13:53:01,194 [ERROR] flow: profile 没找到 发消息
2026-09-09 13:53:01,194 [WARNING] flow: 进入任务中心失败 裴旖，累计失败 1/3
2026-09-09 13:53:02,194 [INFO] flow: ==> 看广告: 裴旖 (0/1)
2026-09-09 13:53:02,194 [INFO] flow: 进入机器人任务中心: 裴旖
2026-09-09 13:53:02,194 [INFO] flow: 导航到机器人列表
2026-09-09 13:54:20,330 [ERROR] flow: profile 没找到 发消息
2026-09-09 13:54:20,330 [WARNING] flow: 进入任务中心失败 裴旖，累计失败 2/3
2026-09-09 13:54:21,331 [INFO] flow: ==> 看广告: 裴旖 (0/1)
2026-09-09 13:54:21,331 [INFO] flow: 进入机器人任务中心: 裴旖
2026-09-09 13:54:21,331 [INFO] flow: 导航到机器人列表
2026-09-09 13:55:39,948 [ERROR] flow: profile 没找到 发消息
2026-09-09 13:55:39,948 [WARNING] flow: 进入任务中心失败 裴旖，累计失败 3/3
2026-09-09 13:55:40,949 [INFO] flow: ==> 看广告: 代柯 (0/1)
2026-09-09 13:55:40,949 [INFO] flow: 进入机器人任务中心: 代柯
2026-09-09 13:55:40,949 [INFO] flow: 导航到机器人列表
2026-09-09 13:56:54,092 [INFO] flow: 看一次广告
2026-09-09 13:57:02,801 [INFO] flow: 广告播放 19.5 秒
2026-09-09 13:57:24,660 [INFO] flow: uiautomator 定位到关闭按钮 @ (141, 150) (第1次)
2026-09-09 13:57:33,879 [INFO] flow: 广告已关闭（uiautomator 路径）
2026-09-09 13:57:33,879 [INFO] flow: 广告已关闭，回到任务中心
2026-09-09 13:57:35,880 [INFO] flow: 退出任务中心（左上角返回箭头）
2026-09-09 13:57:35,881 [INFO] flow: 滑动到任务中心顶部
